// Jest Snapshot v1, https://jestjs.io/docs/snapshot-testing

exports[`Home hero section dispaly the home hero section: \\n         <section className="bg-hero-pattern bg-no-repeat mt-5 xl:mt-20 xl:bg-left">\\n      <div className="container flex flex-col-reverse items-center xl:flex-row">\\n        <div className="flex flex-col gap-5 mt-12 pb-5 text-center xl:text-right">\\n          <h3 className="text-xl dark:text-info xl:text-2xl">\\n            خوش اومدی به ...\\n          </h3>\\n          <h1 className="text-3xl font-black xl:text-5xl gradient">\\n            مسیر صعود به قله‌های برنامه‌نویسی\\n          </h1>\\n          <p>\\n            هر جای مسیرِ برنامه‌نویسی که باشی، با هم‌راهی استادهای باتجربهٔ\\n            کلاسبن می‌تونی بدون محدودیت به قله‌های بالاتر صعود کنی. ما همیشه\\n            هواتو داریم.\\n          </p>\\n          <div className="mt-5 flex gap-4">\\n            <Button variant="primary" size="large">\\n              دورهای نکست و ری اکت\\n            </Button>\\n            <Button variant="neutral" size="large">\\n              مشاوره برنامه نویسی\\n            </Button>\\n          </div>\\n          <Image\\n            className="grayscale mt-4 opacity-70 m-auto xl:m-0"\\n            src="/images/frameworks.png"\\n            alt=""\\n            width={412}\\n            height={39}\\n          />\\n        </div>\\n        <Image\\n          src="/images/programmer-landing.svg"\\n          alt=""\\n          width={702}\\n          height={520}\\n        />\\n      </div>\\n    </section>\\n         1`] = `
<div>
  <section
    class="bg-hero-pattern bg-no-repeat mt-5 xl:mt-20 xl:bg-left"
  >
    <div
      class="container flex flex-col-reverse items-center xl:flex-row"
    >
      <div
        class="flex flex-col gap-5 mt-12 pb-5 text-center xl:text-right"
      >
        <h3
          class="text-xl dark:text-info xl:text-2xl"
        >
          خوش اومدی به ...
        </h3>
        <h1
          class="text-3xl font-black xl:text-5xl gradient"
        >
          مسیر صعود به قله‌های برنامه‌نویسی
        </h1>
        <p>
          هر جای مسیرِ برنامه‌نویسی که باشی، با هم‌راهی استادهای باتجربهٔ کلاسبن می‌تونی بدون محدودیت به قله‌های بالاتر صعود کنی. ما همیشه هواتو داریم.
        </p>
        <div
          class="mt-5 flex gap-4"
        >
          <button
            class="btn btn-primary btn-lg"
            type="button"
          >
            دورهای نکست و ری اکت
          </button>
          <button
            class="btn btn-neutral btn-lg"
            type="button"
          >
            مشاوره برنامه نویسی
          </button>
        </div>
        <img
          alt=""
          class="grayscale mt-4 opacity-70 m-auto xl:m-0"
          data-nimg="1"
          decoding="async"
          height="39"
          loading="lazy"
          src="/_next/image?url=%2Fimages%2Fframeworks.png&w=828&q=75"
          srcset="/_next/image?url=%2Fimages%2Fframeworks.png&w=640&q=75 1x, /_next/image?url=%2Fimages%2Fframeworks.png&w=828&q=75 2x"
          style="color: transparent;"
          width="412"
        />
      </div>
      <img
        alt=""
        data-nimg="1"
        decoding="async"
        height="520"
        loading="lazy"
        src="/images/programmer-landing.svg"
        style="color: transparent;"
        width="702"
      />
    </div>
  </section>
</div>
`;
